// Jest Snapshot v1, https://goo.gl/fbAQLP

exports[`<MovieInfo /> should match snapshot - with props only 1`] = `
<div
  className="movie-info"
>
  <img
    alt="Avengers"
    src="link"
  />
  <table
    className="striped info-table"
  >
    <tbody>
      <tr>
        <td>
          Title:
        </td>
        <td>
          Avengers
        </td>
      </tr>
      <tr>
        <td>
          Synopsis:
        </td>
        <td>
          Fight Bad Guys
        </td>
      </tr>
      <tr>
        <td>
          Rating:
        </td>
        <td>
          PG13
        </td>
      </tr>
      <tr>
        <td>
          Genre:
        </td>
        <td>
          Action
        </td>
      </tr>
      <tr>
        <td>
          Runtime:
        </td>
        <td>
          Couple Hours
        </td>
      </tr>
      <tr>
        <td>
          Release Date:
        </td>
        <td>
          12-12-1212
        </td>
      </tr>
      <tr>
        <td>
          Cast:
        </td>
        <td>
          RDJ
        </td>
      </tr>
      <tr>
        <td>
          Production:
        </td>
        <td>
          Disney
        </td>
      </tr>
      <tr>
        <td>
          Box Office:
        </td>
        <td>
          a lot
        </td>
      </tr>
    </tbody>
  </table>
</div>
`;
